  Determining projects to restore...
C:\Optimizely\DemoTraining\DemoTraining.csproj : warning NU1510: PackageReference Microsoft.Extensions.Configuration will not be pruned. Consider removing this package from your dependencies, as it is likely unnecessary. [C:\Optimizely\DemoTraining\DemoTraining.slnx]
C:\Optimizely\DemoTraining\DemoTraining.csproj : warning NU1902: Package 'MailKit' 3.0.0 has a known moderate severity vulnerability, https://github.com/advisories/GHSA-9j88-vvj5-vhgr [C:\Optimizely\DemoTraining\DemoTraining.slnx]
C:\Optimizely\DemoTraining\DemoTraining.csproj : warning NU1902: Package 'MimeKit' 3.0.0 has a known moderate severity vulnerability, https://github.com/advisories/GHSA-g7hc-96xr-gvvx [C:\Optimizely\DemoTraining\DemoTraining.slnx]
C:\Optimizely\DemoTraining\DemoTraining.csproj : warning NU1903: Package 'MimeKit' 3.0.0 has a known high severity vulnerability, https://github.com/advisories/GHSA-gmc6-fwg3-75m5 [C:\Optimizely\DemoTraining\DemoTraining.slnx]
C:\Optimizely\DemoTraining\DemoTraining.csproj : warning NU1903: Package 'SixLabors.ImageSharp' 2.1.9 has a known high severity vulnerability, https://github.com/advisories/GHSA-2cmq-823j-5qj8 [C:\Optimizely\DemoTraining\DemoTraining.slnx]
C:\Optimizely\DemoTraining\DemoTraining.csproj : warning NU1902: Package 'SixLabors.ImageSharp' 2.1.9 has a known moderate severity vulnerability, https://github.com/advisories/GHSA-rxmq-m78w-7wmc [C:\Optimizely\DemoTraining\DemoTraining.slnx]
  All projects are up-to-date for restore.
C:\Program Files\dotnet\sdk\10.0.300-preview.0.26177.108\Sdks\Microsoft.NET.Sdk\targets\Microsoft.NET.RuntimeIdentifierInference.targets(383,5): message NETSDK1057: You are using a preview version of .NET. See: https://aka.ms/dotnet-support-policy [C:\Optimizely\DemoTraining\DemoTraining.csproj]
C:\Optimizely\DemoTraining\DemoTraining.csproj : warning NU1510: PackageReference Microsoft.Extensions.Configuration will not be pruned. Consider removing this package from your dependencies, as it is likely unnecessary.
C:\Optimizely\DemoTraining\DemoTraining.csproj : warning NU1902: Package 'MailKit' 3.0.0 has a known moderate severity vulnerability, https://github.com/advisories/GHSA-9j88-vvj5-vhgr
C:\Optimizely\DemoTraining\DemoTraining.csproj : warning NU1902: Package 'MimeKit' 3.0.0 has a known moderate severity vulnerability, https://github.com/advisories/GHSA-g7hc-96xr-gvvx
C:\Optimizely\DemoTraining\DemoTraining.csproj : warning NU1903: Package 'MimeKit' 3.0.0 has a known high severity vulnerability, https://github.com/advisories/GHSA-gmc6-fwg3-75m5
C:\Optimizely\DemoTraining\DemoTraining.csproj : warning NU1903: Package 'SixLabors.ImageSharp' 2.1.9 has a known high severity vulnerability, https://github.com/advisories/GHSA-2cmq-823j-5qj8
C:\Optimizely\DemoTraining\DemoTraining.csproj : warning NU1902: Package 'SixLabors.ImageSharp' 2.1.9 has a known moderate severity vulnerability, https://github.com/advisories/GHSA-rxmq-m78w-7wmc
C:\Optimizely\DemoTraining\Features\Search\Controllers\SearchPageController.cs(18,65): warning MVC1004: Property on type 'SearchQuery' has the same name as parameter 'q'. This may result in incorrect model binding. Consider renaming the parameter or the property to avoid conflicts. If the type 'SearchQuery' has a custom type converter or custom model binder, you can suppress this message. (https://aka.ms/AA20pbc) [C:\Optimizely\DemoTraining\DemoTraining.csproj]
  DemoTraining -> C:\Optimizely\DemoTraining\bin\Debug\net10.0\DemoTraining.dll

Build succeeded.

C:\Optimizely\DemoTraining\DemoTraining.csproj : warning NU1510: PackageReference Microsoft.Extensions.Configuration will not be pruned. Consider removing this package from your dependencies, as it is likely unnecessary. [C:\Optimizely\DemoTraining\DemoTraining.slnx]
C:\Optimizely\DemoTraining\DemoTraining.csproj : warning NU1902: Package 'MailKit' 3.0.0 has a known moderate severity vulnerability, https://github.com/advisories/GHSA-9j88-vvj5-vhgr [C:\Optimizely\DemoTraining\DemoTraining.slnx]
C:\Optimizely\DemoTraining\DemoTraining.csproj : warning NU1902: Package 'MimeKit' 3.0.0 has a known moderate severity vulnerability, https://github.com/advisories/GHSA-g7hc-96xr-gvvx [C:\Optimizely\DemoTraining\DemoTraining.slnx]
C:\Optimizely\DemoTraining\DemoTraining.csproj : warning NU1903: Package 'MimeKit' 3.0.0 has a known high severity vulnerability, https://github.com/advisories/GHSA-gmc6-fwg3-75m5 [C:\Optimizely\DemoTraining\DemoTraining.slnx]
C:\Optimizely\DemoTraining\DemoTraining.csproj : warning NU1903: Package 'SixLabors.ImageSharp' 2.1.9 has a known high severity vulnerability, https://github.com/advisories/GHSA-2cmq-823j-5qj8 [C:\Optimizely\DemoTraining\DemoTraining.slnx]
C:\Optimizely\DemoTraining\DemoTraining.csproj : warning NU1902: Package 'SixLabors.ImageSharp' 2.1.9 has a known moderate severity vulnerability, https://github.com/advisories/GHSA-rxmq-m78w-7wmc [C:\Optimizely\DemoTraining\DemoTraining.slnx]
C:\Optimizely\DemoTraining\DemoTraining.csproj : warning NU1510: PackageReference Microsoft.Extensions.Configuration will not be pruned. Consider removing this package from your dependencies, as it is likely unnecessary.
C:\Optimizely\DemoTraining\DemoTraining.csproj : warning NU1902: Package 'MailKit' 3.0.0 has a known moderate severity vulnerability, https://github.com/advisories/GHSA-9j88-vvj5-vhgr
C:\Optimizely\DemoTraining\DemoTraining.csproj : warning NU1902: Package 'MimeKit' 3.0.0 has a known moderate severity vulnerability, https://github.com/advisories/GHSA-g7hc-96xr-gvvx
C:\Optimizely\DemoTraining\DemoTraining.csproj : warning NU1903: Package 'MimeKit' 3.0.0 has a known high severity vulnerability, https://github.com/advisories/GHSA-gmc6-fwg3-75m5
C:\Optimizely\DemoTraining\DemoTraining.csproj : warning NU1903: Package 'SixLabors.ImageSharp' 2.1.9 has a known high severity vulnerability, https://github.com/advisories/GHSA-2cmq-823j-5qj8
C:\Optimizely\DemoTraining\DemoTraining.csproj : warning NU1902: Package 'SixLabors.ImageSharp' 2.1.9 has a known moderate severity vulnerability, https://github.com/advisories/GHSA-rxmq-m78w-7wmc
C:\Optimizely\DemoTraining\Features\Search\Controllers\SearchPageController.cs(18,65): warning MVC1004: Property on type 'SearchQuery' has the same name as parameter 'q'. This may result in incorrect model binding. Consider renaming the parameter or the property to avoid conflicts. If the type 'SearchQuery' has a custom type converter or custom model binder, you can suppress this message. (https://aka.ms/AA20pbc) [C:\Optimizely\DemoTraining\DemoTraining.csproj]
    13 Warning(s)
    0 Error(s)

Time Elapsed 00:00:51.78
